presubmits:
  org/repo:
  - agent: kubernetes
    always_run: true
    branches:
    - master
    cluster: api.ci
    context: ci/prow/cmd
    decorate: true
    decoration_config:
      skip_cloning: true
    labels:
      ci-operator.openshift.io/prowgen-controlled: "true"
      pj-rehearse.openshift.io/can-be-rehearsed: "true"
    name: pull-ci-org-repo-master-cmd
    rerun_command: /test cmd
    spec:
      containers:
      - args:
        - --gcs-upload-secret=/secrets/gcs/service-account.json
        - --image-import-pull-secret=/etc/pull-secret/.dockerconfigjson
        - --report-credentials-file=/etc/report/credentials
        - --target=cmd
        command:
        - ci-operator
        image: ci-operator:latest
        imagePullPolicy: Always
        name: ""
        resources:
          requests:
            cpu: 10m
        volumeMounts:
        - mountPath: /secrets/gcs
          name: gcs-credentials
          readOnly: true
        - mountPath: /etc/pull-secret
          name: pull-secret
          readOnly: true
        - mountPath: /etc/report
          name: result-aggregator
          readOnly: true
      serviceAccountName: ci-operator
      volumes:
      - name: pull-secret
        secret:
          secretName: registry-pull-credentials
      - name: result-aggregator
        secret:
          secretName: result-aggregator
    trigger: (?m)^/test( | .* )cmd,?($|\s.*)
  - agent: kubernetes
    always_run: true
    branches:
    - master
    cluster: api.ci
    context: ci/prow/e2e
    decorate: true
    decoration_config:
      skip_cloning: true
    labels:
      ci-operator.openshift.io/prowgen-controlled: "true"
      pj-rehearse.openshift.io/can-be-rehearsed: "true"
    name: pull-ci-org-repo-master-e2e
    rerun_command: /test e2e
    spec:
      containers:
      - args:
        - --gcs-upload-secret=/secrets/gcs/service-account.json
        - --image-import-pull-secret=/etc/pull-secret/.dockerconfigjson
        - --lease-server-credentials-file=/etc/boskos/credentials
        - --report-credentials-file=/etc/report/credentials
        - --secret-dir=/usr/local/e2e-cluster-profile
        - --target=e2e
        command:
        - ci-operator
        image: ci-operator:latest
        imagePullPolicy: Always
        name: ""
        resources:
          requests:
            cpu: 10m
        volumeMounts:
        - mountPath: /etc/boskos
          name: boskos
          readOnly: true
        - mountPath: /usr/local/e2e-cluster-profile
          name: cluster-profile
        - mountPath: /secrets/gcs
          name: gcs-credentials
          readOnly: true
        - mountPath: /etc/pull-secret
          name: pull-secret
          readOnly: true
        - mountPath: /etc/report
          name: result-aggregator
          readOnly: true
      serviceAccountName: ci-operator
      volumes:
      - name: boskos
        secret:
          items:
          - key: credentials
            path: credentials
          secretName: boskos-credentials
      - name: cluster-profile
        projected:
          sources:
          - secret:
              name: cluster-secrets-aws
      - name: pull-secret
        secret:
          secretName: registry-pull-credentials
      - name: result-aggregator
        secret:
          secretName: result-aggregator
    trigger: (?m)^/test( | .* )e2e,?($|\s.*)
  - agent: kubernetes
    always_run: true
    branches:
    - master
    cluster: api.ci
    context: ci/prow/e2e-aws
    decorate: true
    decoration_config:
      skip_cloning: true
    labels:
      ci-operator.openshift.io/prowgen-controlled: "true"
      pj-rehearse.openshift.io/can-be-rehearsed: "true"
    name: pull-ci-org-repo-master-e2e-aws
    rerun_command: /test e2e-aws
    spec:
      containers:
      - args:
        - --gcs-upload-secret=/secrets/gcs/service-account.json
        - --image-import-pull-secret=/etc/pull-secret/.dockerconfigjson
        - --lease-server-credentials-file=/etc/boskos/credentials
        - --report-credentials-file=/etc/report/credentials
        - --secret-dir=/usr/local/e2e-aws-cluster-profile
        - --target=e2e-aws
        command:
        - ci-operator
        image: ci-operator:latest
        imagePullPolicy: Always
        name: ""
        resources:
          requests:
            cpu: 10m
        volumeMounts:
        - mountPath: /etc/boskos
          name: boskos
          readOnly: true
        - mountPath: /usr/local/e2e-aws-cluster-profile
          name: cluster-profile
        - mountPath: /secrets/gcs
          name: gcs-credentials
          readOnly: true
        - mountPath: /etc/pull-secret
          name: pull-secret
          readOnly: true
        - mountPath: /etc/report
          name: result-aggregator
          readOnly: true
      serviceAccountName: ci-operator
      volumes:
      - name: boskos
        secret:
          items:
          - key: credentials
            path: credentials
          secretName: boskos-credentials
      - name: cluster-profile
        projected:
          sources:
          - secret:
              name: cluster-secrets-aws
      - name: pull-secret
        secret:
          secretName: registry-pull-credentials
      - name: result-aggregator
        secret:
          secretName: result-aggregator
    trigger: (?m)^/test( | .* )e2e-aws,?($|\s.*)
  - agent: kubernetes
    always_run: true
    branches:
    - master
    cluster: api.ci
    context: ci/prow/race
    decorate: true
    decoration_config:
      skip_cloning: true
    labels:
      ci-operator.openshift.io/prowgen-controlled: "true"
      pj-rehearse.openshift.io/can-be-rehearsed: "true"
    name: pull-ci-org-repo-master-race
    rerun_command: /test race
    spec:
      containers:
      - args:
        - --gcs-upload-secret=/secrets/gcs/service-account.json
        - --image-import-pull-secret=/etc/pull-secret/.dockerconfigjson
        - --report-credentials-file=/etc/report/credentials
        - --target=race
        command:
        - ci-operator
        image: ci-operator:latest
        imagePullPolicy: Always
        name: ""
        resources:
          requests:
            cpu: 10m
        volumeMounts:
        - mountPath: /secrets/gcs
          name: gcs-credentials
          readOnly: true
        - mountPath: /etc/pull-secret
          name: pull-secret
          readOnly: true
        - mountPath: /etc/report
          name: result-aggregator
          readOnly: true
      serviceAccountName: ci-operator
      volumes:
      - name: pull-secret
        secret:
          secretName: registry-pull-credentials
      - name: result-aggregator
        secret:
          secretName: result-aggregator
    trigger: (?m)^/test( | .* )race,?($|\s.*)
  - agent: kubernetes
    always_run: true
    branches:
    - master
    cluster: api.ci
    context: ci/prow/unit
    decorate: true
    decoration_config:
      skip_cloning: true
    labels:
      ci-operator.openshift.io/prowgen-controlled: "true"
      pj-rehearse.openshift.io/can-be-rehearsed: "true"
    name: pull-ci-org-repo-master-unit
    rerun_command: /test unit
    spec:
      containers:
      - args:
        - --gcs-upload-secret=/secrets/gcs/service-account.json
        - --image-import-pull-secret=/etc/pull-secret/.dockerconfigjson
        - --report-credentials-file=/etc/report/credentials
        - --target=unit
        command:
        - ci-operator
        image: ci-operator:latest
        imagePullPolicy: Always
        name: ""
        resources:
          requests:
            cpu: 10m
        volumeMounts:
        - mountPath: /secrets/gcs
          name: gcs-credentials
          readOnly: true
        - mountPath: /etc/pull-secret
          name: pull-secret
          readOnly: true
        - mountPath: /etc/report
          name: result-aggregator
          readOnly: true
      serviceAccountName: ci-operator
      volumes:
      - name: pull-secret
        secret:
          secretName: registry-pull-credentials
      - name: result-aggregator
        secret:
          secretName: result-aggregator
    trigger: (?m)^/test( | .* )unit,?($|\s.*)
