# !!! WARNING - DO NOT MODIFY !!!
# Generated by cluster-init: https://github.com/openshift/ci-tools/tree/main/cmd/cluster-init
# Modifying this file manually might break some tests in both openshift/ci-tools and openshift/release repositories.
# Please consider, instead, writing a yaml patch in one of the cluster-install.yaml into clusters/_cluster-install/
# or, alternatively, modifying the cluster-init tool itself.

apiVersion: rbac.authorization.k8s.io/v1
kind: ClusterRole
metadata:
  name: mabc-updater
rules:
- apiGroups:
  - ci.openshift.io
  resources:
  - multiarchbuildconfigs
  verbs:
  - '*'
---
apiVersion: v1
kind: ServiceAccount
metadata:
  name: mabc-updater
  namespace: ci
---
apiVersion: rbac.authorization.k8s.io/v1
kind: ClusterRoleBinding
metadata:
  name: self-provisioner-mabc-updater
  namespace: ci
roleRef:
  apiGroup: rbac.authorization.k8s.io
  kind: ClusterRole
  name: mabc-updater
subjects:
- kind: ServiceAccount
  name: mabc-updater
  namespace: ci
