# !!! WARNING - DO NOT MODIFY !!!
# Generated by cluster-init: https://github.com/openshift/ci-tools/tree/main/cmd/cluster-init
# Modifying this file manually might break some tests in both openshift/ci-tools and openshift/release repositories.
# Please consider, instead, writing a yaml patch in one of the cluster-install.yaml into clusters/_cluster-install/
# or, alternatively, modifying the cluster-init tool itself.

apiVersion: apps/v1
kind: Deployment
metadata:
  name: multi-arch-builder-controller
  namespace: ci
spec:
  replicas: 1
  selector:
    matchLabels:
      app: multi-arch-builder-controller
  template:
    metadata:
      labels:
        app: multi-arch-builder-controller
    spec:
      containers:
      - args:
        - --dry-run=false
        image: quay-proxy.ci.openshift.org/openshift/ci:ci_multi-arch-builder-controller_latest
        imagePullPolicy: Always
        name: multi-arch-builder-controller
        resources:
          limits:
            cpu: 100m
            memory: 128Mi
          requests:
            cpu: 100m
            memory: 128Mi
        volumeMounts:
        - mountPath: /.docker/config.json
          name: docker-config
          readOnly: true
          subPath: .dockerconfigjson
      nodeSelector:
        kubernetes.io/arch: amd64
      serviceAccountName: multi-arch-builder-controller
      volumes:
      - name: docker-config
        secret:
          secretName: multi-arch-builder-controller-build99-registry-credentials
