cluster_groups:
  build-farm:
  - app.ci
  - build01
  - existingCluster
