cluster_groups:
  bastion:
  - build01
  build_farm:
  - app.ci
  - build01
  - build99
  managed_clusters:
  - build99
  non_app_ci:
  - arm01
  - build01
  - build99
  non_app_ci_arm:
  - arm01
  non_osd_x86:
  - build01
  openshift_config_pull_secret:
  - build99
secret_configs:
- from:
    app.ci.config:
      field: sa.pod-scaler.app.ci.config
      item: pod-scaler
    build01.config:
      field: sa.pod-scaler.build01.config
      item: pod-scaler
    build99.config:
      field: sa.pod-scaler.build99.config
      item: pod-scaler
    sa.pod-scaler.build99.token.txt:
      field: sa.pod-scaler.build99.token.txt
      item: pod-scaler
  to:
  - cluster: app.ci
    name: pod-scaler
    namespace: ci
- from:
    build01_github_client_id:
      field: github_client_id
      item: build_farm_01_cluster
  to:
  - cluster: app.ci
    name: build-farm-credentials
    namespace: ci
- from:
    sa.crier.app.ci.config:
      field: sa.crier.app.ci.config
      item: build_farm
    sa.crier.arm01.config:
      field: sa.crier.arm01.config
      item: build_farm
    sa.crier.build01.config:
      field: sa.crier.build01.config
      item: build_farm
    sa.crier.build99.config:
      field: sa.crier.build99.config
      item: build_farm
    sa.crier.build99.token.txt:
      field: sa.crier.build99.token.txt
      item: build_farm
  to:
  - cluster: app.ci
    name: crier
    namespace: ci
- from:
    sa.config-updater.app.ci.config:
      field: sa.config-updater.app.ci.config
      item: build_farm
    sa.config-updater.arm01.config:
      field: sa.config-updater.arm01.config
      item: build_farm
    sa.config-updater.build01.config:
      field: sa.config-updater.build01.config
      item: build_farm
    sa.config-updater.build99.config:
      field: sa.config-updater.build99.config
      item: config-updater
  to:
  - cluster: app.ci
    name: config-updater
    namespace: ci
  - cluster: app.ci
    name: config-updater
    namespace: vault
- from:
    sa.deck.app.ci.config:
      field: sa.deck.app.ci.config
      item: build_farm
    sa.deck.arm01.config:
      field: sa.deck.arm01.config
      item: build_farm
    sa.deck.build01.config:
      field: sa.deck.build01.config
      item: build_farm
    sa.deck.build99.config:
      field: sa.deck.build99.config
      item: build_farm
    sa.deck.build99.token.txt:
      field: sa.deck.build99.token.txt
      item: build_farm
  to:
  - cluster: app.ci
    name: deck
    namespace: ci
- from:
    sa.hook.app.ci.config:
      field: sa.hook.app.ci.config
      item: build_farm
    sa.hook.arm01.config:
      field: sa.hook.arm01.config
      item: build_farm
    sa.hook.build01.config:
      field: sa.hook.build01.config
      item: build_farm
    sa.hook.build99.config:
      field: sa.hook.build99.config
      item: build_farm
    sa.hook.build99.token.txt:
      field: sa.hook.build99.token.txt
      item: build_farm
  to:
  - cluster: app.ci
    name: hook
    namespace: ci
- from:
    sa.prow-controller-manager.app.ci.config:
      field: sa.prow-controller-manager.app.ci.config
      item: build_farm
    sa.prow-controller-manager.arm01.config:
      field: sa.prow-controller-manager.arm01.config
      item: build_farm
    sa.prow-controller-manager.build01.config:
      field: sa.prow-controller-manager.build01.config
      item: build_farm
    sa.prow-controller-manager.build99.config:
      field: sa.prow-controller-manager.build99.config
      item: build_farm
    sa.prow-controller-manager.build99.token.txt:
      field: sa.prow-controller-manager.build99.token.txt
      item: build_farm
  to:
  - cluster: app.ci
    name: prow-controller-manager
    namespace: ci
- from:
    sa.sinker.app.ci.config:
      field: sa.sinker.app.ci.config
      item: build_farm
    sa.sinker.arm01.config:
      field: sa.sinker.arm01.config
      item: build_farm
    sa.sinker.build01.config:
      field: sa.sinker.build01.config
      item: build_farm
    sa.sinker.build99.config:
      field: sa.sinker.build99.config
      item: build_farm
    sa.sinker.build99.token.txt:
      field: sa.sinker.build99.token.txt
      item: build_farm
  to:
  - cluster: app.ci
    name: sinker
    namespace: ci
- from:
    sa.dptp-controller-manager.build01.config:
      field: sa.dptp-controller-manager.build01.config
      item: build_farm
    sa.dptp-controller-manager.build99.config:
      field: sa.dptp-controller-manager.build99.config
      item: build_farm
    sa.dptp-controller-manager.build99.token.txt:
      field: sa.dptp-controller-manager.build99.token.txt
      item: build_farm
  to:
  - cluster: app.ci
    name: dptp-controller-manager
    namespace: ci
- from:
    sa.ci-operator.arm01.config:
      field: sa.ci-operator.arm01.config
      item: build_farm
    sa.ci-operator.build01.config:
      field: sa.ci-operator.build01.config
      item: build_farm
    sa.ci-operator.build99.config:
      field: sa.ci-operator.build99.config
      item: build_farm
    sa.ci-operator.build99.token.txt:
      field: sa.ci-operator.build99.token.txt
      item: build_farm
    sa.pj-rehearse.app.ci.config:
      field: sa.pj-rehearse.app.ci.config
      item: build_farm
  to:
  - cluster_groups:
    - build_farm
    name: pj-rehearse
    namespace: ci
- from:
    sa.github-ldap-user-group-creator.arm01.config:
      field: sa.github-ldap-user-group-creator.arm01.config
      item: build_farm
    sa.github-ldap-user-group-creator.build01.config:
      field: sa.github-ldap-user-group-creator.build01.config
      item: build_farm
    sa.github-ldap-user-group-creator.build99.config:
      field: sa.github-ldap-user-group-creator.build99.config
      item: build_farm
    sa.github-ldap-user-group-creator.build99.token.txt:
      field: sa.github-ldap-user-group-creator.build99.token.txt
      item: build_farm
  to:
  - cluster: app.ci
    name: github-ldap-user-group-creator
    namespace: ci
- from:
    sa.promoted-image-governor.build01.config:
      field: sa.promoted-image-governor.build01.config
      item: build_farm
    sa.promoted-image-governor.build99.config:
      field: sa.promoted-image-governor.build99.config
      item: build_farm
    sa.promoted-image-governor.build99.token.txt:
      field: sa.promoted-image-governor.build99.token.txt
      item: build_farm
  to:
  - cluster: app.ci
    name: promoted-image-governor
    namespace: ci
- from:
    sa.cluster-display.build01.config:
      field: sa.cluster-display.build01.config
      item: build_farm
    sa.cluster-display.build99.config:
      field: sa.cluster-display.build99.config
      item: build_farm
    sa.cluster-display.build99.token.txt:
      field: sa.cluster-display.build99.token.txt
      item: build_farm
  to:
  - cluster: app.ci
    name: cluster-display
    namespace: ci
- from:
    sa.ci-chat-bot.arm01.config:
      field: sa.ci-chat-bot.arm01.config
      item: ci-chat-bot
    sa.ci-chat-bot.build01.config:
      field: sa.ci-chat-bot.build01.config
      item: ci-chat-bot
    sa.ci-chat-bot.build99.config:
      field: sa.ci-chat-bot.build99.config
      item: ci-chat-bot
    sa.ci-chat-bot.build99.token.txt:
      field: sa.ci-chat-bot.build99.token.txt
      item: ci-chat-bot
  to:
  - cluster: app.ci
    name: ci-chat-bot-kubeconfigs
    namespace: ci
- from: null
  to:
  - cluster: newCluster
    name: registry-pull-credentials
    namespace: ci
    type: kubernetes.io/dockerconfigjson
  - cluster: newCluster
    name: registry-pull-credentials
    namespace: test-credentials
    type: kubernetes.io/dockerconfigjson
- from:
    .dockerconfigjson:
      dockerconfigJSON:
      - auth_field: token_image-puller_build99_reg_auth_value.txt
        item: build_farm
        registry_url: image-registry.openshift-image-registry.svc.cluster.local:5000
      - auth_field: token_image-puller_build99_reg_auth_value.txt
        item: build_farm
        registry_url: image-registry.openshift-image-registry.svc:5000
      - auth_field: token_image-puller_build99_reg_auth_value.txt
        item: build_farm
        registry_url: registry.build99.ci.openshift.org
      - auth_field: token_image-pusher_app.ci_reg_auth_value.txt
        item: build_farm
        registry_url: registry.ci.openshift.org
      - auth_field: auth
        item: quay-io-push-credentials
        registry_url: quay.io/openshift/ci
  to:
  - cluster: build99
    name: registry-push-credentials-ci-central
    namespace: ci
    type: kubernetes.io/dockerconfigjson
  - cluster: build99
    name: registry-push-credentials-ci-central
    namespace: test-credentials
    type: kubernetes.io/dockerconfigjson
- from:
    .dockerconfigjson:
      dockerconfigJSON:
      - auth_field: token_image-puller_build99_reg_auth_value.txt
        item: build_farm
        registry_url: image-registry.openshift-image-registry.svc.cluster.local:5000
      - auth_field: token_image-puller_build99_reg_auth_value.txt
        item: build_farm
        registry_url: image-registry.openshift-image-registry.svc:5000
      - auth_field: token_image-puller_build99_reg_auth_value.txt
        item: build_farm
        registry_url: registry.build99.ci.openshift.org
      - auth_field: token_image-puller_app.ci_reg_auth_value.txt
        item: build_farm
        registry_url: registry.ci.openshift.org
      - auth_field: auth
        email_field: email
        item: quay.io-pull-secret
        registry_url: quay.io
      - auth_field: auth
        item: quayio-ci-read-only-robot
        registry_url: quay-proxy.ci.openshift.org
      - auth_field: auth
        item: quayio-ci-read-only-robot
        registry_url: quay.io/openshift/ci
      - auth_field: auth
        item: quayio-ci-read-only-robot
        registry_url: quay.io/openshift/network-edge-testing
      - auth_field: auth
        item: quayio-ci-read-only-robot
        registry_url: qci-pull-through-cache-us-east-1-ci.apps.ci.l2s4.p1.openshiftapps.com
  to:
  - cluster: build99
    name: registry-pull-credentials
    namespace: ci
    type: kubernetes.io/dockerconfigjson
  - cluster: build99
    name: registry-pull-credentials
    namespace: test-credentials
    type: kubernetes.io/dockerconfigjson
- from:
    kubeconfig:
      field: sa.ci-operator.build99.config
      item: build_farm
    sa.ci-operator.build99.token.txt:
      field: sa.ci-operator.build99.token.txt
      item: build_farm
  to:
  - cluster: build99
    name: ci-operator
    namespace: test-credentials
- from:
    build99-id:
      field: build99-id
      item: dex
    build99-secret:
      field: build99-secret
      item: dex
  to:
  - cluster: app.ci
    name: build99-secret
    namespace: dex
  - cluster: app.ci
    name: build99-dex-oidc
    namespace: ci
- from:
    clientSecret:
      field: build99-secret
      item: dex
  to:
  - cluster: build99
    name: dex-rh-sso
    namespace: openshift-config
user_secrets_target_clusters:
- arm01
- build99
- hive
vault_dptp_prefix: dptp
