- fields:
  - cmd: oc --context $(cluster) sa create-kubeconfig --namespace ci $(service_account)
      | sed "s/$(service_account)/$(cluster)/g"
    name: sa.$(service_account).$(cluster).config
  item_name: build_farm
  params:
    cluster:
    - app.ci
    - build01
    - existingCluster
    service_account:
    - config-updater
    - deck
- fields:
  - cmd: oc --context $(cluster) sa create-kubeconfig --namespace ci $(service_account)
      | sed "s/$(service_account)/$(cluster)/g"
    name: sa.$(service_account).$(cluster).config
  item_name: release-controller
  params:
    cluster:
    - app.ci
    - build01
    service_account:
    - release-controller
- fields:
  - cmd: oc --context $(cluster) get secrets --sort-by=.metadata.creationTimestamp
      --namespace ci -o json | jq '.items[] | select(.type=="kubernetes.io/dockercfg")
      | select(.metadata.annotations["kubernetes.io/service-account.name"]=="image-puller")'|
      jq --slurp '.[-1] | .data[".dockercfg"]' --raw-output | base64 --decode | jq
      '.["image-registry.openshift-image-registry.svc:5000"].auth' --raw-output |
      tr -d '\n'
    name: token_image-puller_$(cluster)_reg_auth_value.txt
  item_name: build_farm
  params:
    cluster:
    - app.ci
    - build01
    - existingCluster
- fields:
  - cmd: oc --context $(cluster) sa create-kubeconfig --namespace ci $(service_account)
      | sed "s/$(service_account)/$(cluster)/g"
    name: sa.$(service_account).$(cluster).config
  item_name: ci-chat-bot
  params:
    cluster:
    - arm01
    - build01
    - existingCluster
    service_account:
    - ci-chat-bot
- fields:
  - cmd: oc --context $(cluster) sa create-kubeconfig --namespace ci $(service_account)
      | sed "s/$(service_account)/$(cluster)/g"
    name: sa.$(service_account).$(cluster).config
  item_name: pod-scaler
  params:
    cluster:
    - app.ci
    - build01
    - existingCluster
    service_account:
    - pod-scaler
