presubmits:
  openshift/release:
  - agent: kubernetes
    always_run: true
    branches:
    - master
    cluster: app.ci
    context: ci/build-farm/build01-dry
    decorate: true
    labels:
      pj-rehearse.openshift.io/can-be-rehearsed: "true"
    name: pull-ci-openshift-release-master-build01-dry
    rerun_command: /test build01-dry
    spec:
      containers:
      - args:
        - --config-dir
        - clusters/build-clusters/01_cluster
        - --kubeconfig
        - /etc/build-farm-credentials/kubeconfig
        - --as=
        command:
        - applyconfig
        env:
        - name: HOME
          value: /tmp
        - name: build01_id
          valueFrom:
            secretKeyRef:
              key: build01-id
              name: build01-dex-oidc
        - name: github_client_id
          valueFrom:
            secretKeyRef:
              key: build01_github_client_id
              name: build-farm-credentials
        - name: slack_api_url
          valueFrom:
            secretKeyRef:
              key: url
              name: ci-slack-api-url
        image: registry.ci.openshift.org/ci/applyconfig:latest
        imagePullPolicy: Always
        name: ""
        resources:
          requests:
            cpu: 10m
        volumeMounts:
        - mountPath: /etc/build-farm-credentials
          name: build-farm-credentials
          readOnly: true
        - mountPath: /tmp
          name: tmp
      serviceAccountName: config-updater
      volumes:
      - name: build-farm-credentials
        secret:
          items:
          - key: sa.config-updater.build01.config
            path: kubeconfig
          secretName: config-updater
      - emptyDir: {}
        name: tmp
    trigger: (?m)^/test( | .* )build01-dry,?($|\s.*)
  - agent: kubernetes
    always_run: false
    branches:
    - ^master$
    - ^master-
    cluster: app.ci
    context: ci/build-farm/newCluster-dry
    decorate: true
    labels:
      ci.openshift.io/build-farm: newCluster
      ci.openshift.io/generator: cluster-init
      pj-rehearse.openshift.io/can-be-rehearsed: "true"
    name: pull-ci-openshift-release-master-newCluster-dry
    rerun_command: /test newCluster-dry
    run_if_changed: ^clusters/.*
    spec:
      containers:
      - args:
        - --config-dir=clusters/build-clusters/newCluster
        - --as=
        - --kubeconfig=/etc/build-farm-credentials/kubeconfig
        command:
        - applyconfig
        env:
        - name: HOME
          value: /tmp
        - name: newCluster_id
          valueFrom:
            secretKeyRef:
              key: newCluster-id
              name: newCluster-dex-oidc
        image: registry.ci.openshift.org/ci/applyconfig:latest
        imagePullPolicy: Always
        name: ""
        resources:
          requests:
            cpu: 10m
        volumeMounts:
        - mountPath: /etc/build-farm-credentials
          name: build-farm-credentials
          readOnly: true
        - mountPath: /tmp
          name: tmp
      serviceAccountName: config-updater
      volumes:
      - name: build-farm-credentials
        secret:
          items:
          - key: sa.config-updater.newCluster.config
            path: kubeconfig
          secretName: config-updater
      - emptyDir: {}
        name: tmp
    trigger: (?m)^/test( | .* )newCluster-dry,?($|\s.*)
