default: api.ci
nonKubernetes: api.ci
groups:
  "api.ci":
    jobs:
      - deleted-job
  "ci/api-build01-ci-devcluster-openshift-com:6443":
    jobs:
      - pull-ci-org-other-nonstandard-unit
      - pull-ci-openshift-origin-main-unit
