cluster_groups:
  bastion:
  - build01
  build_farm:
  - app.ci
  - build01
  - newCluster
  non_app_ci:
  - arm01
  - build01
  - newCluster
  non_app_ci_arm:
  - arm01
  non_osd_x86:
  - build01
secret_configs:
- from:
    app.ci.config:
      field: sa.pod-scaler.app.ci.config
      item: pod-scaler
    build01.config:
      field: sa.pod-scaler.build01.config
      item: pod-scaler
    newCluster.config:
      field: sa.pod-scaler.newCluster.config
      item: pod-scaler
  to:
  - cluster: app.ci
    name: pod-scaler
    namespace: ci
- from:
    build01_github_client_id:
      field: github_client_id
      item: build_farm_01_cluster
  to:
  - cluster: app.ci
    name: build-farm-credentials
    namespace: ci
- from:
    sa.crier.app.ci.config:
      field: sa.crier.app.ci.config
      item: build_farm
    sa.crier.arm01.config:
      field: sa.crier.arm01.config
      item: build_farm
    sa.crier.build01.config:
      field: sa.crier.build01.config
      item: build_farm
    sa.crier.newCluster.config:
      field: sa.crier.newCluster.config
      item: build_farm
  to:
  - cluster: app.ci
    name: crier
    namespace: ci
- from:
    sa.config-updater.app.ci.config:
      field: sa.config-updater.app.ci.config
      item: build_farm
    sa.config-updater.arm01.config:
      field: sa.config-updater.arm01.config
      item: build_farm
    sa.config-updater.build01.config:
      field: sa.config-updater.build01.config
      item: build_farm
    sa.config-updater.newCluster.config:
      field: sa.config-updater.newCluster.config
      item: build_farm
  to:
  - cluster: app.ci
    name: config-updater
    namespace: ci
  - cluster: app.ci
    name: config-updater
    namespace: vault
- from:
    sa.deck.app.ci.config:
      field: sa.deck.app.ci.config
      item: build_farm
    sa.deck.arm01.config:
      field: sa.deck.arm01.config
      item: build_farm
    sa.deck.build01.config:
      field: sa.deck.build01.config
      item: build_farm
    sa.deck.newCluster.config:
      field: sa.deck.newCluster.config
      item: build_farm
  to:
  - cluster: app.ci
    name: deck
    namespace: ci
- from:
    sa.hook.app.ci.config:
      field: sa.hook.app.ci.config
      item: build_farm
    sa.hook.arm01.config:
      field: sa.hook.arm01.config
      item: build_farm
    sa.hook.build01.config:
      field: sa.hook.build01.config
      item: build_farm
    sa.hook.newCluster.config:
      field: sa.hook.newCluster.config
      item: build_farm
  to:
  - cluster: app.ci
    name: hook
    namespace: ci
- from:
    sa.prow-controller-manager.app.ci.config:
      field: sa.prow-controller-manager.app.ci.config
      item: build_farm
    sa.prow-controller-manager.arm01.config:
      field: sa.prow-controller-manager.arm01.config
      item: build_farm
    sa.prow-controller-manager.build01.config:
      field: sa.prow-controller-manager.build01.config
      item: build_farm
    sa.prow-controller-manager.newCluster.config:
      field: sa.prow-controller-manager.newCluster.config
      item: build_farm
  to:
  - cluster: app.ci
    name: prow-controller-manager
    namespace: ci
- from:
    sa.sinker.app.ci.config:
      field: sa.sinker.app.ci.config
      item: build_farm
    sa.sinker.arm01.config:
      field: sa.sinker.arm01.config
      item: build_farm
    sa.sinker.build01.config:
      field: sa.sinker.build01.config
      item: build_farm
    sa.sinker.newCluster.config:
      field: sa.sinker.newCluster.config
      item: build_farm
  to:
  - cluster: app.ci
    name: sinker
    namespace: ci
- from:
    sa.dptp-controller-manager.build01.config:
      field: sa.dptp-controller-manager.build01.config
      item: build_farm
    sa.dptp-controller-manager.newCluster.config:
      field: sa.dptp-controller-manager.newCluster.config
      item: build_farm
  to:
  - cluster: app.ci
    name: dptp-controller-manager
    namespace: ci
- from:
    sa.ci-operator.arm01.config:
      field: sa.ci-operator.arm01.config
      item: build_farm
    sa.ci-operator.build01.config:
      field: sa.ci-operator.build01.config
      item: build_farm
    sa.ci-operator.newCluster.config:
      field: sa.ci-operator.newCluster.config
      item: build_farm
    sa.pj-rehearse.app.ci.config:
      field: sa.pj-rehearse.app.ci.config
      item: build_farm
  to:
  - cluster_groups:
    - build_farm
    name: pj-rehearse
    namespace: ci
- from:
    sa.github-ldap-user-group-creator.arm01.config:
      field: sa.github-ldap-user-group-creator.arm01.config
      item: build_farm
    sa.github-ldap-user-group-creator.build01.config:
      field: sa.github-ldap-user-group-creator.build01.config
      item: build_farm
    sa.github-ldap-user-group-creator.newCluster.config:
      field: sa.github-ldap-user-group-creator.newCluster.config
      item: build_farm
  to:
  - cluster: app.ci
    name: github-ldap-user-group-creator
    namespace: ci
- from:
    sa.promoted-image-governor.build01.config:
      field: sa.promoted-image-governor.build01.config
      item: build_farm
    sa.promoted-image-governor.newCluster.config:
      field: sa.promoted-image-governor.newCluster.config
      item: build_farm
  to:
  - cluster: app.ci
    name: promoted-image-governor
    namespace: ci
- from:
    sa.cluster-display.build01.config:
      field: sa.cluster-display.build01.config
      item: build_farm
    sa.cluster-display.newCluster.config:
      field: sa.cluster-display.newCluster.config
      item: build_farm
  to:
  - cluster: app.ci
    name: cluster-display
    namespace: ci
- from:
    sa.ci-chat-bot.arm01.config:
      field: sa.ci-chat-bot.arm01.config
      item: ci-chat-bot
    sa.ci-chat-bot.build01.config:
      field: sa.ci-chat-bot.build01.config
      item: ci-chat-bot
    sa.ci-chat-bot.newCluster.config:
      field: sa.ci-chat-bot.newCluster.config
      item: ci-chat-bot
  to:
  - cluster: app.ci
    name: ci-chat-bot-kubeconfigs
    namespace: ci
- from:
    .dockerconfigjson:
      dockerconfigJSON:
      - auth_field: token_image-puller_app.ci_reg_auth_value.txt
        item: build_farm
        registry_url: image-registry.openshift-image-registry.svc.cluster.local:5000
      - auth_field: token_image-puller_app.ci_reg_auth_value.txt
        item: build_farm
        registry_url: image-registry.openshift-image-registry.svc:5000
      - auth_field: auth
        email_field: email
        item: cloud.openshift.com-pull-secret
        registry_url: cloud.openshift.com
      - auth_field: auth
        email_field: email
        item: quay.io-pull-secret
        registry_url: quay.io
      - auth_field: auth
        email_field: email
        item: registry.connect.redhat.com-pull-secret
        registry_url: registry.connect.redhat.com
      - auth_field: auth
        email_field: email
        item: registry.redhat.io-pull-secret
        registry_url: registry.redhat.io
      - auth_field: token_image-puller_app.ci_reg_auth_value.txt
        item: build_farm
        registry_url: registry.ci.openshift.org
      - auth_field: token_image-puller_arm01_reg_auth_value.txt
        item: build_farm
        registry_url: registry.arm-build01.arm-build.devcluster.openshift.com
      - auth_field: token_image-puller_build01_reg_auth_value.txt
        item: build_farm
        registry_url: registry.build01.ci.openshift.org
      - auth_field: token_image-puller_newCluster_reg_auth_value.txt
        item: build_farm
        registry_url: registry.newCluster.ci.openshift.org
  to:
  - cluster: app.ci
    name: registry-pull-credentials-all
    namespace: ci
    type: kubernetes.io/dockerconfigjson
  - cluster: app.ci
    name: registry-pull-credentials-all
    namespace: test-credentials
    type: kubernetes.io/dockerconfigjson
- from:
    .dockerconfigjson:
      dockerconfigJSON:
      - auth_field: token_image-puller_newCluster_reg_auth_value.txt
        item: build_farm
        registry_url: image-registry.openshift-image-registry.svc.cluster.local:5000
      - auth_field: token_image-puller_newCluster_reg_auth_value.txt
        item: build_farm
        registry_url: image-registry.openshift-image-registry.svc:5000
      - auth_field: token_image-puller_newCluster_reg_auth_value.txt
        item: build_farm
        registry_url: registry.newCluster.ci.openshift.org
      - auth_field: token_image-pusher_app.ci_reg_auth_value.txt
        item: build_farm
        registry_url: registry.ci.openshift.org
  to:
  - cluster: newCluster
    name: registry-push-credentials-ci-central
    namespace: ci
    type: kubernetes.io/dockerconfigjson
  - cluster: newCluster
    name: registry-push-credentials-ci-central
    namespace: test-credentials
    type: kubernetes.io/dockerconfigjson
- from:
    .dockerconfigjson:
      dockerconfigJSON:
      - auth_field: token_image-puller_newCluster_reg_auth_value.txt
        item: build_farm
        registry_url: image-registry.openshift-image-registry.svc.cluster.local:5000
      - auth_field: token_image-puller_newCluster_reg_auth_value.txt
        item: build_farm
        registry_url: image-registry.openshift-image-registry.svc:5000
      - auth_field: token_image-puller_newCluster_reg_auth_value.txt
        item: build_farm
        registry_url: registry.newCluster.ci.openshift.org
      - auth_field: token_image-puller_app.ci_reg_auth_value.txt
        item: build_farm
        registry_url: registry.ci.openshift.org
  to:
  - cluster: newCluster
    name: registry-pull-credentials
    namespace: ci
    type: kubernetes.io/dockerconfigjson
  - cluster: newCluster
    name: registry-pull-credentials
    namespace: test-credentials
    type: kubernetes.io/dockerconfigjson
- from:
    kubeconfig:
      field: sa.ci-operator.newCluster.config
      item: build_farm
  to:
  - cluster: newCluster
    name: ci-operator
    namespace: test-credentials
- from:
    .dockerconfigjson:
      dockerconfigJSON:
      - auth_field: token_image-puller_newCluster_reg_auth_value.txt
        item: build_farm
        registry_url: image-registry.openshift-image-registry.svc.cluster.local:5000
      - auth_field: token_image-puller_newCluster_reg_auth_value.txt
        item: build_farm
        registry_url: image-registry.openshift-image-registry.svc:5000
      - auth_field: token_image-puller_newCluster_reg_auth_value.txt
        item: build_farm
        registry_url: registry.newCluster.ci.openshift.org
      - auth_field: auth
        email_field: email
        item: cloud.openshift.com-pull-secret
        registry_url: cloud.openshift.com
      - auth_field: auth
        email_field: email
        item: quay.io-pull-secret
        registry_url: quay.io
      - auth_field: auth
        email_field: email
        item: registry.connect.redhat.com-pull-secret
        registry_url: registry.connect.redhat.com
      - auth_field: auth
        email_field: email
        item: registry.redhat.io-pull-secret
        registry_url: registry.redhat.io
      - auth_field: token_image-puller_app.ci_reg_auth_value.txt
        item: build_farm
        registry_url: registry.ci.openshift.org
      - auth_field: token_image-puller_arm01_reg_auth_value.txt
        item: build_farm
        registry_url: registry.arm-build01.arm-build.devcluster.openshift.com
      - auth_field: token_image-puller_build01_reg_auth_value.txt
        item: build_farm
        registry_url: registry.build01.ci.openshift.org
  to:
  - cluster: newCluster
    name: registry-pull-credentials-all
    namespace: ci
    type: kubernetes.io/dockerconfigjson
  - cluster: newCluster
    name: registry-pull-credentials-all
    namespace: test-credentials
    type: kubernetes.io/dockerconfigjson
user_secrets_target_clusters:
- app.ci
- arm01
- build01
- newCluster
vault_dptp_prefix: dptp
