presubmits:
  openshift/release:
  - agent: kubernetes
    always_run: false
    branches:
    - ^master$
    - ^master-
    cluster: app.ci
    context: ci/build-farm/existingCluster-dry
    decorate: true
    labels:
      ci.openshift.io/build-farm: existingCluster
      ci.openshift.io/generator: cluster-init
      pj-rehearse.openshift.io/can-be-rehearsed: "true"
    name: pull-ci-openshift-release-master-existingCluster-dry
    rerun_command: /test existingCluster-dry
    run_if_changed: ^clusters/.*
    spec:
      containers:
      - args:
        - --config-dir=clusters/build-clusters/existingCluster
        - --as=
        - --kubeconfig=/etc/build-farm-credentials/kubeconfig
        command:
        - applyconfig
        env:
        - name: HOME
          value: /tmp
        - name: existingCluster_id
          valueFrom:
            secretKeyRef:
              key: existingCluster-id
              name: existingCluster-dex-oidc
        image: registry.ci.openshift.org/ci/applyconfig:latest
        imagePullPolicy: Always
        name: ""
        resources:
          requests:
            cpu: 10m
        volumeMounts:
        - mountPath: /etc/build-farm-credentials
          name: build-farm-credentials
          readOnly: true
        - mountPath: /tmp
          name: tmp
      serviceAccountName: config-updater
      volumes:
      - name: build-farm-credentials
        secret:
          items:
          - key: sa.config-updater.existingCluster.config
            path: kubeconfig
          secretName: config-updater
      - emptyDir: {}
        name: tmp
    trigger: (?m)^/test( | .* )existingCluster-dry,?($|\s.*)
