buildFarm:
  aws:
    build01:
      filenames:
      - some-yaml-file.yaml
    build02:
      filenames:
      - some-other-yaml-file.yaml
default: build01
groups:
  app.ci:
    jobs:
    - branch-ci-openshift-release-master-existingCluster-apply
    - periodic-openshift-release-master-existingCluster-apply
    - pull-ci-openshift-release-master-existingCluster-dry
    - some-job
  build01:
    jobs:
    - some-other-job
kvm:
- build02
sshBastion: build01
