blunderbuss: {}
branch_cleaner: {}
bugzilla: {}
cat: {}
cherry_pick_unapproved: {}
config_updater:
  cluster_groups:
    build_farm_ci:
      clusters:
      - app.ci
      - build01
      - existingCluster
      namespaces:
      - ci
    build_farm_ocp:
      clusters:
      - app.ci
      - build01
      - existingCluster
      namespaces:
      - ocp
  gzip: false
  maps:
    ci-operator/config/**/*-fcos.yaml:
      clusters:
        app.ci:
        - ci
      gzip: true
      name: ci-operator-misc-configs
    ci-operator/templates/master-sidecar-3.yaml:
      cluster_groups:
      - build_farm_ci
      name: prow-job-master-sidecar-3
    core-services/release-controller/_repos/*:
      cluster_groups:
      - build_farm_ocp
      name: base-repos
golint: {}
goose: {}
heart: {}
help: {}
label: {}
override: {}
owners: {}
project_config: {}
project_manager: {}
retitle: {}
sigmention: {}
size:
  l: 0
  m: 0
  s: 0
  xl: 0
  xxl: 0
slack: {}
